// Jest Snapshot v1, https://goo.gl/fbAQLP

exports[`LoadingSpinner component render spinner 1`] = `
<div
  class="spinner-wrapper"
>
  <div
    class="spinner"
  />
</div>
`;
